
Discarded input sections

 .text          0x00000000        0x0 start.o
 .data          0x00000000        0x0 start.o
 .bss           0x00000000        0x0 start.o
 .text          0x00000000        0x0 main.o
 .data          0x00000000        0x0 main.o
 .bss           0x00000000        0x0 main.o
 .text          0x00000000        0x0 bpu.o
 .data          0x00000000        0x0 bpu.o
 .bss           0x00000000        0x0 bpu.o
 .text.bpk_write
                0x00000000       0x54 bpu.o
 .text          0x00000000        0x0 irqn.o
 .data          0x00000000        0x0 irqn.o
 .bss           0x00000000        0x0 irqn.o
 .text.NMI_Handler
                0x00000000        0xe irqn.o
 .text.HardFault_Handler
                0x00000000        0xe irqn.o
 .text.MemManage_Handler
                0x00000000        0xe irqn.o
 .text.BusFault_Handler
                0x00000000        0xe irqn.o
 .text.UsageFault_Handler
                0x00000000        0xe irqn.o
 .text.SVC_Handler
                0x00000000        0xe irqn.o
 .text.DebugMon_Handler
                0x00000000        0xe irqn.o
 .text.PendSV_Handler
                0x00000000        0xe irqn.o
 .text.init_irqn
                0x00000000       0x48 irqn.o
 .text          0x00000000        0x0 uart.o
 .data          0x00000000        0x0 uart.o
 .bss           0x00000000        0x0 uart.o

Memory Configuration

Name             Origin             Length             Attributes
FLASH            0x01001000         0x00004000         xr
RAM              0x20000000         0x00010000         xrw
*default*        0x00000000         0xffffffff

Linker script and memory map

                0x20010000                _estack = 0x20010000

.text           0x01001000      0xba8
                0x01001000                . = ALIGN (0x4)
                0x01001000                __text_start__ = .
 *(*.cortex_vectors)
 .data.cortex_vectors
                0x01001000      0x400 start.o
                0x01001000                cortex_vectors
 *(*.Reset_Handler)
 .text.Reset_Handler
                0x01001400       0x84 start.o
                0x01001400                Reset_Handler
 .text.Reset_Handler
                0x01001484        0xe irqn.o
 *(.text*)
 *fill*         0x01001492        0x2 
 .text.main     0x01001494      0x26c main.o
                0x01001494                main
 .text.bpk_read
                0x01001700       0xc0 bpu.o
                0x01001700                bpk_read
 .text.sensor_diable
                0x010017c0       0x80 bpu.o
                0x010017c0                sensor_diable
 .text.SysTick_Handler
                0x01001840        0xe irqn.o
                0x01001840                SysTick_Handler
 .text.DMA_IRQHandler
                0x0100184e        0xe irqn.o
                0x0100184e                DMA_IRQHandler
 .text.USB_IRQHandler
                0x0100185c        0xe irqn.o
                0x0100185c                USB_IRQHandler
 .text.USBDMA_IRQHandler
                0x0100186a        0xe irqn.o
                0x0100186a                USBDMA_IRQHandler
 .text.LCD_IRQHandler
                0x01001878        0xe irqn.o
                0x01001878                LCD_IRQHandler
 .text.SCI0_IRQHandler
                0x01001886        0xe irqn.o
                0x01001886                SCI0_IRQHandler
 .text.UART0_IRQHandler
                0x01001894        0xe irqn.o
                0x01001894                UART0_IRQHandler
 .text.UART1_IRQHandler
                0x010018a2        0xe irqn.o
                0x010018a2                UART1_IRQHandler
 .text.SPI0_IRQHandler
                0x010018b0        0xe irqn.o
                0x010018b0                SPI0_IRQHandler
 .text.CRYPT0_IRQHandler
                0x010018be        0xe irqn.o
                0x010018be                CRYPT0_IRQHandler
 .text.TIM_0_IRQHandler
                0x010018cc        0xe irqn.o
                0x010018cc                TIM_0_IRQHandler
 .text.TIM_1_IRQHandler
                0x010018da        0xe irqn.o
                0x010018da                TIM_1_IRQHandler
 .text.TIM_2_IRQHandler
                0x010018e8        0xe irqn.o
                0x010018e8                TIM_2_IRQHandler
 .text.TIM_3_IRQHandler
                0x010018f6        0xe irqn.o
                0x010018f6                TIM_3_IRQHandler
 .text.EXTI0_IRQHandler
                0x01001904        0xe irqn.o
                0x01001904                EXTI0_IRQHandler
 .text.EXTI1_IRQHandler
                0x01001912        0xe irqn.o
                0x01001912                EXTI1_IRQHandler
 .text.EXTI2_IRQHandler
                0x01001920        0xe irqn.o
                0x01001920                EXTI2_IRQHandler
 .text.RTC_IRQHandler
                0x0100192e        0xe irqn.o
                0x0100192e                RTC_IRQHandler
 .text.SENSOR_IRQHandler
                0x0100193c        0xe irqn.o
                0x0100193c                SENSOR_IRQHandler
 .text.TRNG_IRQHandler
                0x0100194a        0xe irqn.o
                0x0100194a                TRNG_IRQHandler
 .text.ADC0_IRQHandler
                0x01001958        0xe irqn.o
                0x01001958                ADC0_IRQHandler
 .text.SSC_IRQHandler
                0x01001966        0xe irqn.o
                0x01001966                SSC_IRQHandler
 .text.TIM_4_IRQHandler
                0x01001974        0xe irqn.o
                0x01001974                TIM_4_IRQHandler
 .text.TIM_5_IRQHandler
                0x01001982        0xe irqn.o
                0x01001982                TIM_5_IRQHandler
 .text.KBD_IRQHandler
                0x01001990        0xe irqn.o
                0x01001990                KBD_IRQHandler
 .text.MSR_IRQHandler
                0x0100199e        0xe irqn.o
                0x0100199e                MSR_IRQHandler
 .text.EXTI3_IRQHandler
                0x010019ac        0xe irqn.o
                0x010019ac                EXTI3_IRQHandler
 .text.SPI1_IRQHandler
                0x010019ba        0xe irqn.o
                0x010019ba                SPI1_IRQHandler
 .text.SPI2_IRQHandler
                0x010019c8        0xe irqn.o
                0x010019c8                SPI2_IRQHandler
 .text.SCI2_IRQHandler
                0x010019d6        0xe irqn.o
                0x010019d6                SCI2_IRQHandler
 .text.UART2_IRQHandler
                0x010019e4        0xe irqn.o
                0x010019e4                UART2_IRQHandler
 .text.UART3_IRQHandler
                0x010019f2        0xe irqn.o
                0x010019f2                UART3_IRQHandler
 .text.QSPI_IRQHandler
                0x01001a00        0xe irqn.o
                0x01001a00                QSPI_IRQHandler
 .text.I2C0_IRQHandler
                0x01001a0e        0xe irqn.o
                0x01001a0e                I2C0_IRQHandler
 .text.EXTI4_IRQHandler
                0x01001a1c        0xe irqn.o
                0x01001a1c                EXTI4_IRQHandler
 .text.EXTI5_IRQHandler
                0x01001a2a        0xe irqn.o
                0x01001a2a                EXTI5_IRQHandler
 .text.TIM_6_IRQHandler
                0x01001a38        0xe irqn.o
                0x01001a38                TIM_6_IRQHandler
 .text.TIM_7_IRQHandler
                0x01001a46        0xe irqn.o
                0x01001a46                TIM_7_IRQHandler
 .text.DCMI_IRQHandler
                0x01001a54        0xe irqn.o
                0x01001a54                DCMI_IRQHandler
 .text.QR_IRQHandler
                0x01001a62        0xe irqn.o
                0x01001a62                QR_IRQHandler
 .text.GPU_IRQHandler
                0x01001a70        0xe irqn.o
                0x01001a70                GPU_IRQHandler
 .text.AWD_IRQHandler
                0x01001a7e        0xe irqn.o
                0x01001a7e                AWD_IRQHandler
 .text.DAC_IRQHandler
                0x01001a8c        0xe irqn.o
                0x01001a8c                DAC_IRQHandler
 .text.SPI5_IRQHandler
                0x01001a9a        0xe irqn.o
                0x01001a9a                SPI5_IRQHandler
 .text.UART_Init
                0x01001aa8      0x100 uart.o
                0x01001aa8                UART_Init
 *(.init)
 *(.fini)
 *(.rodata*)
                0x01001ba8                __text_end__ = .

.glue_7         0x01001ba8        0x0
 .glue_7        0x01001ba8        0x0 linker stubs

.glue_7t        0x01001ba8        0x0
 .glue_7t       0x01001ba8        0x0 linker stubs

.vfp11_veneer   0x01001ba8        0x0
 .vfp11_veneer  0x01001ba8        0x0 linker stubs

.v4_bx          0x01001ba8        0x0
 .v4_bx         0x01001ba8        0x0 linker stubs

.iplt           0x01001ba8        0x0
 .iplt          0x01001ba8        0x0 start.o

.rel.dyn        0x01001ba8        0x0
 .rel.iplt      0x01001ba8        0x0 start.o

.data           0x20000000        0x0 load address 0x01001ba8
                0x20000000                . = ALIGN (0x4)
                0x20000000                __data_start__ = .
 *(.data*)
                0x20000000                . = ALIGN (0x4)
                0x20000000                __data_end__ = .

.igot.plt       0x20000000        0x0
 .igot.plt      0x20000000        0x0 start.o

.bss            0x20000000        0x0
                0x20000000                __bss_start__ = .
 *(.bss*)
                0x20000000                __bss_end__ = .
LOAD start.o
LOAD main.o
LOAD bpu.o
LOAD irqn.o
LOAD uart.o
OUTPUT(main.exe elf32-littlearm)
LOAD linker stubs

.comment        0x00000000       0x4d
 .comment       0x00000000       0x4d start.o
                                 0x4e (size before relaxing)
 .comment       0x0000004d       0x4e main.o
 .comment       0x0000004d       0x4e bpu.o
 .comment       0x0000004d       0x4e irqn.o
 .comment       0x0000004d       0x4e uart.o

.ARM.attributes
                0x00000000       0x32
 .ARM.attributes
                0x00000000       0x32 start.o
 .ARM.attributes
                0x00000032       0x32 main.o
 .ARM.attributes
                0x00000064       0x32 bpu.o
 .ARM.attributes
                0x00000096       0x32 irqn.o
 .ARM.attributes
                0x000000c8       0x32 uart.o
