
Discarded input sections

 .text          0x00000000        0x0 start.o
 .data          0x00000000        0x0 start.o
 .bss           0x00000000        0x0 start.o
 .text          0x00000000        0x0 main.o
 .data          0x00000000        0x0 main.o
 .bss           0x00000000        0x0 main.o
 .text          0x00000000        0x0 bpu.o
 .data          0x00000000        0x0 bpu.o
 .bss           0x00000000        0x0 bpu.o
 .text.sensor_tamper_able
                0x00000000       0x78 bpu.o
 .text          0x00000000        0x0 irqn.o
 .data          0x00000000        0x0 irqn.o
 .bss           0x00000000        0x0 irqn.o
 .text.NMI_Handler
                0x00000000        0xe irqn.o
 .text.HardFault_Handler
                0x00000000        0xe irqn.o
 .text.MemManage_Handler
                0x00000000        0xe irqn.o
 .text.BusFault_Handler
                0x00000000        0xe irqn.o
 .text.UsageFault_Handler
                0x00000000        0xe irqn.o
 .text.SVC_Handler
                0x00000000        0xe irqn.o
 .text.DebugMon_Handler
                0x00000000        0xe irqn.o
 .text.PendSV_Handler
                0x00000000        0xe irqn.o
 .text.SENSOR_IRQHandler
                0x00000000        0xe irqn.o
 .text.init_irqn
                0x00000000       0x48 irqn.o
 .text          0x00000000        0x0 uart.o
 .data          0x00000000        0x0 uart.o
 .bss           0x00000000        0x0 uart.o

Memory Configuration

Name             Origin             Length             Attributes
FLASH            0x01001000         0x00004000         xr
RAM              0x20000000         0x00010000         xrw
*default*        0x00000000         0xffffffff

Linker script and memory map

                0x20010000                _estack = 0x20010000

.text           0x01001000      0xbf8
                0x01001000                . = ALIGN (0x4)
                0x01001000                __text_start__ = .
 *(*.cortex_vectors)
 .data.cortex_vectors
                0x01001000      0x400 start.o
                0x01001000                cortex_vectors
 *(*.Reset_Handler)
 .text.Reset_Handler
                0x01001400       0x84 start.o
                0x01001400                Reset_Handler
 *(.text*)
 .text.main     0x01001484      0x28c main.o
                0x01001484                main
 .text.SENSOR_IRQHandler
                0x01001710       0x5c main.o
                0x01001710                SENSOR_IRQHandler
 .text.bpk_write
                0x0100176c       0x54 bpu.o
                0x0100176c                bpk_write
 .text.bpk_read
                0x010017c0       0x58 bpu.o
                0x010017c0                bpk_read
 .text.sensor_diable
                0x01001818       0x84 bpu.o
                0x01001818                sensor_diable
 .text.SysTick_Handler
                0x0100189c        0xe irqn.o
                0x0100189c                SysTick_Handler
 .text.DMA_IRQHandler
                0x010018aa        0xe irqn.o
                0x010018aa                DMA_IRQHandler
 .text.USB_IRQHandler
                0x010018b8        0xe irqn.o
                0x010018b8                USB_IRQHandler
 .text.USBDMA_IRQHandler
                0x010018c6        0xe irqn.o
                0x010018c6                USBDMA_IRQHandler
 .text.LCD_IRQHandler
                0x010018d4        0xe irqn.o
                0x010018d4                LCD_IRQHandler
 .text.SCI0_IRQHandler
                0x010018e2        0xe irqn.o
                0x010018e2                SCI0_IRQHandler
 .text.UART0_IRQHandler
                0x010018f0        0xe irqn.o
                0x010018f0                UART0_IRQHandler
 .text.UART1_IRQHandler
                0x010018fe        0xe irqn.o
                0x010018fe                UART1_IRQHandler
 .text.SPI0_IRQHandler
                0x0100190c        0xe irqn.o
                0x0100190c                SPI0_IRQHandler
 .text.CRYPT0_IRQHandler
                0x0100191a        0xe irqn.o
                0x0100191a                CRYPT0_IRQHandler
 .text.TIM_0_IRQHandler
                0x01001928        0xe irqn.o
                0x01001928                TIM_0_IRQHandler
 .text.TIM_1_IRQHandler
                0x01001936        0xe irqn.o
                0x01001936                TIM_1_IRQHandler
 .text.TIM_2_IRQHandler
                0x01001944        0xe irqn.o
                0x01001944                TIM_2_IRQHandler
 .text.TIM_3_IRQHandler
                0x01001952        0xe irqn.o
                0x01001952                TIM_3_IRQHandler
 .text.EXTI0_IRQHandler
                0x01001960        0xe irqn.o
                0x01001960                EXTI0_IRQHandler
 .text.EXTI1_IRQHandler
                0x0100196e        0xe irqn.o
                0x0100196e                EXTI1_IRQHandler
 .text.EXTI2_IRQHandler
                0x0100197c        0xe irqn.o
                0x0100197c                EXTI2_IRQHandler
 .text.RTC_IRQHandler
                0x0100198a        0xe irqn.o
                0x0100198a                RTC_IRQHandler
 .text.TRNG_IRQHandler
                0x01001998        0xe irqn.o
                0x01001998                TRNG_IRQHandler
 .text.ADC0_IRQHandler
                0x010019a6        0xe irqn.o
                0x010019a6                ADC0_IRQHandler
 .text.SSC_IRQHandler
                0x010019b4        0xe irqn.o
                0x010019b4                SSC_IRQHandler
 .text.TIM_4_IRQHandler
                0x010019c2        0xe irqn.o
                0x010019c2                TIM_4_IRQHandler
 .text.TIM_5_IRQHandler
                0x010019d0        0xe irqn.o
                0x010019d0                TIM_5_IRQHandler
 .text.KBD_IRQHandler
                0x010019de        0xe irqn.o
                0x010019de                KBD_IRQHandler
 .text.MSR_IRQHandler
                0x010019ec        0xe irqn.o
                0x010019ec                MSR_IRQHandler
 .text.EXTI3_IRQHandler
                0x010019fa        0xe irqn.o
                0x010019fa                EXTI3_IRQHandler
 .text.SPI1_IRQHandler
                0x01001a08        0xe irqn.o
                0x01001a08                SPI1_IRQHandler
 .text.SPI2_IRQHandler
                0x01001a16        0xe irqn.o
                0x01001a16                SPI2_IRQHandler
 .text.SCI2_IRQHandler
                0x01001a24        0xe irqn.o
                0x01001a24                SCI2_IRQHandler
 .text.UART2_IRQHandler
                0x01001a32        0xe irqn.o
                0x01001a32                UART2_IRQHandler
 .text.UART3_IRQHandler
                0x01001a40        0xe irqn.o
                0x01001a40                UART3_IRQHandler
 .text.QSPI_IRQHandler
                0x01001a4e        0xe irqn.o
                0x01001a4e                QSPI_IRQHandler
 .text.I2C0_IRQHandler
                0x01001a5c        0xe irqn.o
                0x01001a5c                I2C0_IRQHandler
 .text.EXTI4_IRQHandler
                0x01001a6a        0xe irqn.o
                0x01001a6a                EXTI4_IRQHandler
 .text.EXTI5_IRQHandler
                0x01001a78        0xe irqn.o
                0x01001a78                EXTI5_IRQHandler
 .text.TIM_6_IRQHandler
                0x01001a86        0xe irqn.o
                0x01001a86                TIM_6_IRQHandler
 .text.TIM_7_IRQHandler
                0x01001a94        0xe irqn.o
                0x01001a94                TIM_7_IRQHandler
 .text.DCMI_IRQHandler
                0x01001aa2        0xe irqn.o
                0x01001aa2                DCMI_IRQHandler
 .text.QR_IRQHandler
                0x01001ab0        0xe irqn.o
                0x01001ab0                QR_IRQHandler
 .text.GPU_IRQHandler
                0x01001abe        0xe irqn.o
                0x01001abe                GPU_IRQHandler
 .text.AWD_IRQHandler
                0x01001acc        0xe irqn.o
                0x01001acc                AWD_IRQHandler
 .text.DAC_IRQHandler
                0x01001ada        0xe irqn.o
                0x01001ada                DAC_IRQHandler
 .text.SPI5_IRQHandler
                0x01001ae8        0xe irqn.o
                0x01001ae8                SPI5_IRQHandler
 *fill*         0x01001af6        0x2 
 .text.UART_Init
                0x01001af8      0x100 uart.o
                0x01001af8                UART_Init
 *(.init)
 *(.fini)
 *(.rodata*)
                0x01001bf8                __text_end__ = .

.glue_7         0x01001bf8        0x0
 .glue_7        0x01001bf8        0x0 linker stubs

.glue_7t        0x01001bf8        0x0
 .glue_7t       0x01001bf8        0x0 linker stubs

.vfp11_veneer   0x01001bf8        0x0
 .vfp11_veneer  0x01001bf8        0x0 linker stubs

.v4_bx          0x01001bf8        0x0
 .v4_bx         0x01001bf8        0x0 linker stubs

.iplt           0x01001bf8        0x0
 .iplt          0x01001bf8        0x0 start.o

.rel.dyn        0x01001bf8        0x0
 .rel.iplt      0x01001bf8        0x0 start.o

.data           0x20000000        0x0 load address 0x01001bf8
                0x20000000                . = ALIGN (0x4)
                0x20000000                __data_start__ = .
 *(.data*)
                0x20000000                . = ALIGN (0x4)
                0x20000000                __data_end__ = .

.igot.plt       0x20000000        0x0
 .igot.plt      0x20000000        0x0 start.o

.bss            0x20000000        0x0
                0x20000000                __bss_start__ = .
 *(.bss*)
                0x20000000                __bss_end__ = .
LOAD start.o
LOAD main.o
LOAD bpu.o
LOAD irqn.o
LOAD uart.o
OUTPUT(main.exe elf32-littlearm)
LOAD linker stubs

.comment        0x00000000       0x4d
 .comment       0x00000000       0x4d start.o
                                 0x4e (size before relaxing)
 .comment       0x0000004d       0x4e main.o
 .comment       0x0000004d       0x4e bpu.o
 .comment       0x0000004d       0x4e irqn.o
 .comment       0x0000004d       0x4e uart.o

.ARM.attributes
                0x00000000       0x32
 .ARM.attributes
                0x00000000       0x32 start.o
 .ARM.attributes
                0x00000032       0x32 main.o
 .ARM.attributes
                0x00000064       0x32 bpu.o
 .ARM.attributes
                0x00000096       0x32 irqn.o
 .ARM.attributes
                0x000000c8       0x32 uart.o
